// Jest Snapshot v1, https://goo.gl/fbAQLP

exports[`local show option overrides frontmatter 1`] = `"<div class=\\"solution\\"><details><summary>Solution</summary><div class=\\"solutionContent solutionShow\\"><p>do show this</p></div></details></div>"`;

exports[`process nested solution block 1`] = `
"<div class=\\"solution\\"><details><summary>Solution</summary><div class=\\"solutionContent solutionShow\\"><iframe
  src=\\"https://codesandbox.io/embed/ozh6m?some?props\\"
  sandbox=\\"allow-modals allow-forms allow-popups allow-scripts allow-same-origin\\"
  style=\\"width:100%; height:500px; overflow:hidden;\\"
  class=\\"csb\\"
  title=\\"CodeSandbox for ./test/codesandbox/\\"
></iframe></div></details></div>"
`;

exports[`process solution block 1`] = `"<div class=\\"solution\\"><details><summary>Solution</summary><div class=\\"solutionContent solutionShow\\"><p>  content</p></div></details></div>"`;

exports[`use frontmatter to hide solution 1`] = `"<div class=\\"solution\\"><details><summary>Solution</summary></details></div>"`;
